// Jest Snapshot v1, https://goo.gl/fbAQLP

exports[`Login page should render 1`] = `
<div>
  <form>
    <div
      class="css-5qrry1"
    >
      <section
        class="css-1yfvozk"
      >
        <h2>
          Login
        </h2>
        <label
          class="css-1u9d40l"
          height="8"
          width="20"
        >
          <span
            class="css-1c61fid"
          >
            Identifier
          </span>
          <div
            class="css-1281p00"
          >
            <input
              class="css-1whc4li"
              name="identifier"
              placeholder="Username or Email"
            />
          </div>
          <span
            class="css-1n2f8m0"
            role="alert"
          >
             
          </span>
        </label>
        <label
          class="css-1u9d40l"
          height="8"
          width="20"
        >
          <span
            class="css-1c61fid"
          >
            Password
          </span>
          <div
            class="css-1281p00"
          >
            <input
              class="css-1whc4li"
              name="password"
              placeholder="Password"
              role="textbox"
              type="password"
            />
          </div>
          <span
            class="css-1n2f8m0"
            role="alert"
          >
             
          </span>
        </label>
        <button
          class="css-4dagrr"
          color="primary"
          type="submit"
        >
          Login
        </button>
        <h3>
          <a
            class="css-pm0vza"
            href="/registration"
          >
            Create Account
          </a>
        </h3>
      </section>
    </div>
  </form>
</div>
`;

exports[`Login page should validate client 1`] = `
<span
  class="css-1n2f8m0"
  role="alert"
>
   
</span>
`;

exports[`Login page should validate client 2`] = `
<span
  class="css-1n2f8m0"
  role="alert"
>
   
</span>
`;
